Archive member included because of file (symbol)

c:/program files (x86)/gnu tools arm embedded/4.9 2015q1/bin/../lib/gcc/arm-none-eabi/4.9.3/../../../../arm-none-eabi/lib/armv7e-m\libm.a(lib_a-s_floor.o)
                              ..\obj\main.o (floor)
c:/program files (x86)/gnu tools arm embedded/4.9 2015q1/bin/../lib/gcc/arm-none-eabi/4.9.3/../../../../arm-none-eabi/lib/armv7e-m\libm.a(lib_a-s_fpclassify.o)
                              ..\obj\main.o (__fpclassifyd)
c:/program files (x86)/gnu tools arm embedded/4.9 2015q1/bin/../lib/gcc/arm-none-eabi/4.9.3/../../../../arm-none-eabi/lib/armv7e-m\libm.a(lib_a-w_log10.o)
                              ..\obj\main.o (log10)
c:/program files (x86)/gnu tools arm embedded/4.9 2015q1/bin/../lib/gcc/arm-none-eabi/4.9.3/../../../../arm-none-eabi/lib/armv7e-m\libm.a(lib_a-w_pow.o)
                              ..\obj\main.o (pow)
c:/program files (x86)/gnu tools arm embedded/4.9 2015q1/bin/../lib/gcc/arm-none-eabi/4.9.3/../../../../arm-none-eabi/lib/armv7e-m\libm.a(lib_a-e_log10.o)
                              c:/program files (x86)/gnu tools arm embedded/4.9 2015q1/bin/../lib/gcc/arm-none-eabi/4.9.3/../../../../arm-none-eabi/lib/armv7e-m\libm.a(lib_a-w_log10.o) (__ieee754_log10)
c:/program files (x86)/gnu tools arm embedded/4.9 2015q1/bin/../lib/gcc/arm-none-eabi/4.9.3/../../../../arm-none-eabi/lib/armv7e-m\libm.a(lib_a-e_pow.o)
                              c:/program files (x86)/gnu tools arm embedded/4.9 2015q1/bin/../lib/gcc/arm-none-eabi/4.9.3/../../../../arm-none-eabi/lib/armv7e-m\libm.a(lib_a-w_pow.o) (__ieee754_pow)
c:/program files (x86)/gnu tools arm embedded/4.9 2015q1/bin/../lib/gcc/arm-none-eabi/4.9.3/../../../../arm-none-eabi/lib/armv7e-m\libm.a(lib_a-e_sqrt.o)
                              c:/program files (x86)/gnu tools arm embedded/4.9 2015q1/bin/../lib/gcc/arm-none-eabi/4.9.3/../../../../arm-none-eabi/lib/armv7e-m\libm.a(lib_a-e_pow.o) (__ieee754_sqrt)
c:/program files (x86)/gnu tools arm embedded/4.9 2015q1/bin/../lib/gcc/arm-none-eabi/4.9.3/../../../../arm-none-eabi/lib/armv7e-m\libm.a(lib_a-s_fabs.o)
                              c:/program files (x86)/gnu tools arm embedded/4.9 2015q1/bin/../lib/gcc/arm-none-eabi/4.9.3/../../../../arm-none-eabi/lib/armv7e-m\libm.a(lib_a-e_pow.o) (fabs)
c:/program files (x86)/gnu tools arm embedded/4.9 2015q1/bin/../lib/gcc/arm-none-eabi/4.9.3/../../../../arm-none-eabi/lib/armv7e-m\libm.a(lib_a-s_finite.o)
                              c:/program files (x86)/gnu tools arm embedded/4.9 2015q1/bin/../lib/gcc/arm-none-eabi/4.9.3/../../../../arm-none-eabi/lib/armv7e-m\libm.a(lib_a-w_pow.o) (finite)
c:/program files (x86)/gnu tools arm embedded/4.9 2015q1/bin/../lib/gcc/arm-none-eabi/4.9.3/../../../../arm-none-eabi/lib/armv7e-m\libm.a(lib_a-s_lib_ver.o)
                              c:/program files (x86)/gnu tools arm embedded/4.9 2015q1/bin/../lib/gcc/arm-none-eabi/4.9.3/../../../../arm-none-eabi/lib/armv7e-m\libm.a(lib_a-w_log10.o) (__fdlib_version)
c:/program files (x86)/gnu tools arm embedded/4.9 2015q1/bin/../lib/gcc/arm-none-eabi/4.9.3/../../../../arm-none-eabi/lib/armv7e-m\libm.a(lib_a-s_matherr.o)
                              c:/program files (x86)/gnu tools arm embedded/4.9 2015q1/bin/../lib/gcc/arm-none-eabi/4.9.3/../../../../arm-none-eabi/lib/armv7e-m\libm.a(lib_a-w_log10.o) (matherr)
c:/program files (x86)/gnu tools arm embedded/4.9 2015q1/bin/../lib/gcc/arm-none-eabi/4.9.3/../../../../arm-none-eabi/lib/armv7e-m\libm.a(lib_a-s_nan.o)
                              c:/program files (x86)/gnu tools arm embedded/4.9 2015q1/bin/../lib/gcc/arm-none-eabi/4.9.3/../../../../arm-none-eabi/lib/armv7e-m\libm.a(lib_a-w_log10.o) (nan)
c:/program files (x86)/gnu tools arm embedded/4.9 2015q1/bin/../lib/gcc/arm-none-eabi/4.9.3/../../../../arm-none-eabi/lib/armv7e-m\libm.a(lib_a-s_rint.o)
                              c:/program files (x86)/gnu tools arm embedded/4.9 2015q1/bin/../lib/gcc/arm-none-eabi/4.9.3/../../../../arm-none-eabi/lib/armv7e-m\libm.a(lib_a-w_pow.o) (rint)
c:/program files (x86)/gnu tools arm embedded/4.9 2015q1/bin/../lib/gcc/arm-none-eabi/4.9.3/../../../../arm-none-eabi/lib/armv7e-m\libm.a(lib_a-s_scalbn.o)
                              c:/program files (x86)/gnu tools arm embedded/4.9 2015q1/bin/../lib/gcc/arm-none-eabi/4.9.3/../../../../arm-none-eabi/lib/armv7e-m\libm.a(lib_a-e_pow.o) (scalbn)
c:/program files (x86)/gnu tools arm embedded/4.9 2015q1/bin/../lib/gcc/arm-none-eabi/4.9.3/../../../../arm-none-eabi/lib/armv7e-m\libm.a(lib_a-e_log.o)
                              c:/program files (x86)/gnu tools arm embedded/4.9 2015q1/bin/../lib/gcc/arm-none-eabi/4.9.3/../../../../arm-none-eabi/lib/armv7e-m\libm.a(lib_a-e_log10.o) (__ieee754_log)
c:/program files (x86)/gnu tools arm embedded/4.9 2015q1/bin/../lib/gcc/arm-none-eabi/4.9.3/../../../../arm-none-eabi/lib/armv7e-m\libm.a(lib_a-s_copysign.o)
[...]
Memory Configuration

Name             Origin             Length             Attributes
rom              0x00000000         0x00040000         xr
ram              0x20000000         0x00008000         xrw
*default*        0x00000000         0xffffffff

Linker script and memory map

                0x20008000                _eram = 0x20008000

.text           0x00000000     0x3e34
 *(.isr_vector)
 .isr_vector    0x00000000      0x26c ..\obj\startup_Cortex_M4.o
                0x00000000                g_pfnVectors
 *(.text*)
 .text.delayMS  0x0000026c       0x24 ..\obj\delay.o
                0x0000026c                delayMS
 .text.delayUS  0x00000290       0x24 ..\obj\delay.o
                0x00000290                delayUS
 .text.Initialize
                0x000002b4       0x10 ..\obj\datalogger.o
                0x000002b4                Initialize
 .text.InitClock
                0x000002c4       0x44 ..\obj\datalogger.o
                0x000002c4                InitClock
 .text.InitGPIO
                0x00000308       0x64 ..\obj\datalogger.o
                0x00000308                InitGPIO
 .text.InitI2C3
                0x0000036c       0x54 ..\obj\datalogger.o
                0x0000036c                InitI2C3
 .text.I2CReceive
                0x000003c0       0x84 ..\obj\datalogger.o
                0x000003c0                I2CReceive
 .text.I2CMasterInitExpClk
                0x00000444       0x98 ..\obj\i2c.o
                0x00000444                I2CMasterInitExpClk
 .text.I2CMasterEnable
                0x000004dc       0x24 ..\obj\i2c.o
                0x000004dc                I2CMasterEnable
 .text.I2CMasterSlaveAddrSet
                0x00000500       0x28 ..\obj\i2c.o
                0x00000500                I2CMasterSlaveAddrSet
 .text.I2CMasterBusy
                0x00000528       0x28 ..\obj\i2c.o
                0x00000528                I2CMasterBusy
 .text.I2CMasterControl
                0x00000550       0x20 ..\obj\i2c.o
                0x00000550                I2CMasterControl
 .text.I2CMasterDataPut
                0x00000570       0x20 ..\obj\i2c.o
                0x00000570                I2CMasterDataPut
 .text.I2CMasterDataGet
                0x00000590       0x1c ..\obj\i2c.o
                0x00000590                I2CMasterDataGet
 .text.dtoa     0x000005ac      0x37c ..\obj\main.o
                0x000005ac                dtoa
 .text.main     0x00000928      0x5d8 ..\obj\main.o
                0x00000928                main
 .text.SysCtlPeripheralEnable
                0x00000f00       0x4c ..\obj\sysctl.o
                0x00000f00                SysCtlPeripheralEnable
 .text.SysCtlDelay
                0x00000f4c        0x8 ..\obj\sysctl.o
                0x00000f4c                SysCtlDelay
 .text.SysCtlClockSet
                0x00000f54      0x1f4 ..\obj\sysctl.o
                0x00000f54                SysCtlClockSet
 .text.SysCtlClockGet
                0x00001148      0x204 ..\obj\sysctl.o
                0x00001148                SysCtlClockGet
 .text.GPIODirModeSet
                0x0000134c       0x78 ..\obj\gpio.o
                0x0000134c                GPIODirModeSet
 .text.GPIOPadConfigSet
                0x000013c4      0x2bc ..\obj\gpio.o
                0x000013c4                GPIOPadConfigSet
 .text.GPIOPinTypeGPIOInput
                0x00001680       0x2c ..\obj\gpio.o
                0x00001680                GPIOPinTypeGPIOInput
 .text.GPIOPinTypeGPIOOutput
                0x000016ac       0x2c ..\obj\gpio.o
                0x000016ac                GPIOPinTypeGPIOOutput
 .text.GPIOPinTypeI2C
                0x000016d8       0x2c ..\obj\gpio.o
                0x000016d8                GPIOPinTypeI2C
 .text.GPIOPinTypeI2CSCL
                0x00001704       0x2c ..\obj\gpio.o
                0x00001704                GPIOPinTypeI2CSCL
 .text.GPIOPinConfigure
                0x00001730       0x84 ..\obj\gpio.o
                0x00001730                GPIOPinConfigure
 .text.Default_Reset_Handler
                0x000017b4       0x68 ..\obj\startup_Cortex_M4.o
                0x000017b4                Default_Reset_Handler
                0x000017b4                Reset_Handler
 .text.Default_Handler
                0x0000181c        0x8 ..\obj\startup_Cortex_M4.o
                0x0000181c                PECI0_IRQHandler
                0x0000181c                GPIOPortP4_IRQHandler
                0x0000181c                PWM1Gen3_IRQHandler
                0x0000181c                DebugMon_Handler
                0x0000181c                QEI2_IRQHandler
                0x0000181c                FlashCtrl_IRQHandler
                0x0000181c                GPIOPortP7_IRQHandler
                0x0000181c                Timer0B_IRQHandler
                0x0000181c                I2C0_IRQHandler
                0x0000181c                HardFault_Handler
                0x0000181c                SysTick_Handler
                0x0000181c                PendSV_Handler
                0x0000181c                NMI_Handler
                0x0000181c                I2C1_IRQHandler
                0x0000181c                GPIOPortP5_IRQHandler
                0x0000181c                PWMGen0_IRQHandler
                0x0000181c                UART1_IRQHandler
                0x0000181c                CAN1_IRQHandler
                0x0000181c                Timer1B_IRQHandler
                0x0000181c                WTimer5A_IRQHandler
                0x0000181c                Watchdog_IRQHandler
                0x0000181c                GPIOPortS_IRQHandler
                0x0000181c                GPIOPortQ7_IRQHandler
                0x0000181c                PWM1Gen2_IRQHandler
                0x0000181c                UART0_IRQHandler
                0x0000181c                GPIOPortL_IRQHandler
                0x0000181c                SSI0_IRQHandler
                0x0000181c                GPIOPortM_IRQHandler
                0x0000181c                FPU_IRQHandler
                0x0000181c                UsageFault_Handler
                0x0000181c                ADCSeq1_IRQHandler
                0x0000181c                GPIOPortP0_IRQHandler
                0x0000181c                LPC0_IRQHandler
                0x0000181c                PWMFault_IRQHandler
                0x0000181c                I2C5_IRQHandler
                0x0000181c                I2C4_IRQHandler
                0x0000181c                GPIOPortQ5_IRQHandler
                0x0000181c                PWMGen1_IRQHandler
                0x0000181c                SSI1_IRQHandler
                0x0000181c                I2C2_IRQHandler
                0x0000181c                uDMA_IRQHandler
                0x0000181c                UART5_IRQHandler
                0x0000181c                GPIOPortC_IRQHandler
                0x0000181c                WTimer5B_IRQHandler
                0x0000181c                GPIOPortK_IRQHandler
                0x0000181c                ADCSeq2_IRQHandler
                0x0000181c                PWMGen2_IRQHandler
                0x0000181c                UART2_IRQHandler
                0x0000181c                GPIOPortP3_IRQHandler
                0x0000181c                ADC1Seq0_IRQHandler
                0x0000181c                UART4_IRQHandler
                0x0000181c                GPIOPortJ_IRQHandler
                0x0000181c                WTimer2B_IRQHandler
                0x0000181c                Timer5A_IRQHandler
                0x0000181c                WTimer0A_IRQHandler
                0x0000181c                Timer4A_IRQHandler
                0x0000181c                WTimer1A_IRQHandler
                0x0000181c                uDMAErr_IRQHandler
                0x0000181c                QEI1_IRQHandler
                0x0000181c                PWM1Fault_IRQHandler
                0x0000181c                GPIOPortP6_IRQHandler
                0x0000181c                WTimer3A_IRQHandler
                0x0000181c                QEI0_IRQHandler
                0x0000181c                WTimer1B_IRQHandler
                0x0000181c                ADC1Seq2_IRQHandler
                0x0000181c                ADC1Seq1_IRQHandler
                0x0000181c                PWMGen3_IRQHandler
                0x0000181c                GPIOPortD_IRQHandler
                0x0000181c                USB0_IRQHandler
                0x0000181c                I2C3_IRQHandler
                0x0000181c                WTimer0B_IRQHandler
                0x0000181c                MemManage_Handler
                0x0000181c                SVC_Handler
                0x0000181c                GPIOPortP2_IRQHandler
                0x0000181c                GPIOPortQ4_IRQHandler
                0x0000181c                Timer3B_IRQHandler
                0x0000181c                Timer3A_IRQHandler
                0x0000181c                GPIOPortA_IRQHandler
                0x0000181c                ADC1Seq3_IRQHandler
                0x0000181c                Timer0A_IRQHandler
                0x0000181c                GPIOPortP1_IRQHandler
                0x0000181c                ADCSeq0_IRQHandler
                0x0000181c                Timer1A_IRQHandler
                0x0000181c                GPIOPortG_IRQHandler
                0x0000181c                WTimer3B_IRQHandler
                0x0000181c                Fan0_IRQHandler
                0x0000181c                GPIOPortQ3_IRQHandler
                0x0000181c                GPIOPortQ1_IRQHandler
                0x0000181c                Timer5B_IRQHandler
                0x0000181c                ADCSeq3_IRQHandler
                0x0000181c                GPIOPortE_IRQHandler
                0x0000181c                WTimer4B_IRQHandler
                0x0000181c                CAN0_IRQHandler
                0x0000181c                GPIOPortQ0_IRQHandler
                0x0000181c                Comp0_IRQHandler
                0x0000181c                Comp1_IRQHandler
                0x0000181c                Comp2_IRQHandler
                0x0000181c                GPIOPortQ6_IRQHandler
                0x0000181c                SSI2_IRQHandler
                0x0000181c                PWM1Gen0_IRQHandler
                0x0000181c                GPIOPortF_IRQHandler
                0x0000181c                UART7_IRQHandler
                0x0000181c                UART6_IRQHandler
                0x0000181c                GPIOPortB_IRQHandler
                0x0000181c                CAN2_IRQHandler
                0x0000181c                GPIOPortH_IRQHandler
                0x0000181c                GPIOPortQ2_IRQHandler
                0x0000181c                GPIOPortR_IRQHandler
                0x0000181c                Timer4B_IRQHandler
                0x0000181c                BusFault_Handler
                0x0000181c                WTimer4A_IRQHandler
                0x0000181c                Timer2A_IRQHandler
                0x0000181c                SSI3_IRQHandler
                0x0000181c                Timer2B_IRQHandler
                0x0000181c                GPIOPortN_IRQHandler
                0x0000181c                UART3_IRQHandler
                0x0000181c                SysCtrl_IRQHandler
                0x0000181c                WTimer2A_IRQHandler
                0x0000181c                Hibernate_IRQHandler
                0x0000181c                PWM1Gen1_IRQHandler
 *fill*         0x00001824        0x4 
 .text.floor    0x00001828      0x118 c:/program files (x86)/gnu tools arm embedded/4.9 2015q1/bin/../lib/gcc/arm-none-eabi/4.9.3/../../../../arm-none-eabi/lib/armv7e-m\libm.a(lib_a-s_floor.o)
                0x00001828                floor
 .text.__fpclassifyd
                0x00001940       0x58 c:/program files (x86)/gnu tools arm embedded/4.9 2015q1/bin/../lib/gcc/arm-none-eabi/4.9.3/../../../../arm-none-eabi/lib/armv7e-m\libm.a(lib_a-s_fpclassify.o)
                0x00001940                __fpclassifyd
 .text.log10    0x00001998       0xf8 c:/program files (x86)/gnu tools arm embedded/4.9 2015q1/bin/../lib/gcc/arm-none-eabi/4.9.3/../../../../arm-none-eabi/lib/armv7e-m\libm.a(lib_a-w_log10.o)
                0x00001998                log10
 .text.pow      0x00001a90      0x2ec c:/program files (x86)/gnu tools arm embedded/4.9 2015q1/bin/../lib/gcc/arm-none-eabi/4.9.3/../../../../arm-none-eabi/lib/armv7e-m\libm.a(lib_a-w_pow.o)
                0x00001a90                pow
 *fill*         0x00001d7c        0x4 
 .text.__ieee754_log10
                0x00001d80      0x120 c:/program files (x86)/gnu tools arm embedded/4.9 2015q1/bin/../lib/gcc/arm-none-eabi/4.9.3/../../../../arm-none-eabi/lib/armv7e-m\libm.a(lib_a-e_log10.o)
                0x00001d80                __ieee754_log10
 .text.__ieee754_pow
                0x00001ea0      0xaa8 c:/program files (x86)/gnu tools arm embedded/4.9 2015q1/bin/../lib/gcc/arm-none-eabi/4.9.3/../../../../arm-none-eabi/lib/armv7e-m\libm.a(lib_a-e_pow.o)
                0x00001ea0                __ieee754_pow
 .text.__ieee754_sqrt
                0x00002948      0x188 c:/program files (x86)/gnu tools arm embedded/4.9 2015q1/bin/../lib/gcc/arm-none-eabi/4.9.3/../../../../arm-none-eabi/lib/armv7e-m\libm.a(lib_a-e_sqrt.o)
                0x00002948                __ieee754_sqrt
 .text.fabs     0x00002ad0        0x8 c:/program files (x86)/gnu tools arm embedded/4.9 2015q1/bin/../lib/gcc/arm-none-eabi/4.9.3/../../../../arm-none-eabi/lib/armv7e-m\libm.a(lib_a-s_fabs.o)
                0x00002ad0                fabs
 .text.finite   0x00002ad8        0xc c:/program files (x86)/gnu tools arm embedded/4.9 2015q1/bin/../lib/gcc/arm-none-eabi/4.9.3/../../../../arm-none-eabi/lib/armv7e-m\libm.a(lib_a-s_finite.o)
                0x00002ad8                finite
 .text.matherr  0x00002ae4        0x4 c:/program files (x86)/gnu tools arm embedded/4.9 2015q1/bin/../lib/gcc/arm-none-eabi/4.9.3/../../../../arm-none-eabi/lib/armv7e-m\libm.a(lib_a-s_matherr.o)
                0x00002ae4                matherr
 .text.nan      0x00002ae8        0xc c:/program files (x86)/gnu tools arm embedded/4.9 2015q1/bin/../lib/gcc/arm-none-eabi/4.9.3/../../../../arm-none-eabi/lib/armv7e-m\libm.a(lib_a-s_nan.o)
                0x00002ae8                nan
 .text.rint     0x00002af4      0x11c c:/program files (x86)/gnu tools arm embedded/4.9 2015q1/bin/../lib/gcc/arm-none-eabi/4.9.3/../../../../arm-none-eabi/lib/armv7e-m\libm.a(lib_a-s_rint.o)
                0x00002af4                rint
 .text.scalbn   0x00002c10      0x108 c:/program files (x86)/gnu tools arm embedded/4.9 2015q1/bin/../lib/gcc/arm-none-eabi/4.9.3/../../../../arm-none-eabi/lib/armv7e-m\libm.a(lib_a-s_scalbn.o)
                0x00002c10                scalbn
 .text.__ieee754_log
                0x00002d18      0x3d0 c:/program files (x86)/gnu tools arm embedded/4.9 2015q1/bin/../lib/gcc/arm-none-eabi/4.9.3/../../../../arm-none-eabi/lib/armv7e-m\libm.a(lib_a-e_log.o)
                0x00002d18                __ieee754_log
 .text.copysign
                0x000030e8       0x10 c:/program files (x86)/gnu tools arm embedded/4.9 2015q1/bin/../lib/gcc/arm-none-eabi/4.9.3/../../../../arm-none-eabi/lib/armv7e-m\libm.a(lib_a-s_copysign.o)
                0x000030e8                copysign
 .text          0x000030f8      0x370 c:/program files (x86)/gnu tools arm embedded/4.9 2015q1/bin/../lib/gcc/arm-none-eabi/4.9.3/armv7e-m\libgcc.a(_arm_addsubdf3.o)
                0x000030f8                __aeabi_drsub
                0x00003100                __aeabi_dsub
                0x00003100                __subdf3
                0x00003104                __aeabi_dadd
                0x00003104                __adddf3
                0x0000337c                __floatunsidf
                0x0000337c                __aeabi_ui2d
                0x0000339c                __floatsidf
                0x0000339c                __aeabi_i2d
                0x000033c0                __aeabi_f2d
                0x000033c0                __extendsfdf2
                0x000033fc                __floatundidf
                0x000033fc                __aeabi_ul2d
                0x0000340c                __floatdidf
                0x0000340c                __aeabi_l2d
 .text          0x00003468      0x424 c:/program files (x86)/gnu tools arm embedded/4.9 2015q1/bin/../lib/gcc/arm-none-eabi/4.9.3/armv7e-m\libgcc.a(_arm_muldivdf3.o)
                0x00003468                __aeabi_dmul
                0x00003468                __muldf3
                0x000036bc                __divdf3
                0x000036bc                __aeabi_ddiv
 .text          0x0000388c      0x110 c:/program files (x86)/gnu tools arm embedded/4.9 2015q1/bin/../lib/gcc/arm-none-eabi/4.9.3/armv7e-m\libgcc.a(_arm_cmpdf2.o)
                0x0000388c                __gtdf2
                0x0000388c                __gedf2
                0x00003894                __ltdf2
                0x00003894                __ledf2
                0x0000389c                __nedf2
                0x0000389c                __eqdf2
                0x0000389c                __cmpdf2
                0x00003918                __aeabi_cdrcmple
                0x00003928                __aeabi_cdcmpeq
                0x00003928                __aeabi_cdcmple
                0x00003938                __aeabi_dcmpeq
                0x0000394c                __aeabi_dcmplt
                0x00003960                __aeabi_dcmple
                0x00003974                __aeabi_dcmpge
                0x00003988                __aeabi_dcmpgt
 .text          0x0000399c       0x50 c:/program files (x86)/gnu tools arm embedded/4.9 2015q1/bin/../lib/gcc/arm-none-eabi/4.9.3/armv7e-m\libgcc.a(_arm_fixdfsi.o)
                0x0000399c                __aeabi_d2iz
                0x0000399c                __fixdfsi
 .text.__errno  0x000039ec        0xc c:/program files (x86)/gnu tools arm embedded/4.9 2015q1/bin/../lib/gcc/arm-none-eabi/4.9.3/../../../../arm-none-eabi/lib/armv7e-m\libg.a(lib_a-errno.o)
                0x000039ec                __errno
 *(.init)
 *(.fini)
 *crtbegin.o(.ctors)
 *crtbegin?.o(.ctors)
 *(EXCLUDE_FILE(*crtend.o *crtend?.o) .ctors)
 *(SORT(.ctors.*))
 *(.ctors)
 *crtbegin.o(.dtors)
 *crtbegin?.o(.dtors)
 *(EXCLUDE_FILE(*crtend.o *crtend?.o) .dtors)
 *(SORT(.dtors.*))
 *(.dtors)
 *(.rodata*)
 .rodata        0x000039f8        0xc ..\obj\main.o
 .rodata        0x00003a04      0x1c4 ..\obj\sysctl.o
 .rodata        0x00003bc8      0x218 ..\obj\gpio.o
 .rodata.str1.4
                0x00003de0        0x9 c:/program files (x86)/gnu tools arm embedded/4.9 2015q1/bin/../lib/gcc/arm-none-eabi/4.9.3/../../../../arm-none-eabi/lib/armv7e-m\libm.a(lib_a-w_log10.o)
                                  0xc (size before relaxing)
 *fill*         0x00003de9        0x3 
 .rodata.str1.4
                0x00003dec        0x4 c:/program files (x86)/gnu tools arm embedded/4.9 2015q1/bin/../lib/gcc/arm-none-eabi/4.9.3/../../../../arm-none-eabi/lib/armv7e-m\libm.a(lib_a-w_pow.o)
 .rodata.dp_h   0x00003df0       0x10 c:/program files (x86)/gnu tools arm embedded/4.9 2015q1/bin/../lib/gcc/arm-none-eabi/4.9.3/../../../../arm-none-eabi/lib/armv7e-m\libm.a(lib_a-e_pow.o)
 .rodata.dp_l   0x00003e00       0x10 c:/program files (x86)/gnu tools arm embedded/4.9 2015q1/bin/../lib/gcc/arm-none-eabi/4.9.3/../../../../arm-none-eabi/lib/armv7e-m\libm.a(lib_a-e_pow.o)
 .rodata.bp     0x00003e10       0x10 c:/program files (x86)/gnu tools arm embedded/4.9 2015q1/bin/../lib/gcc/arm-none-eabi/4.9.3/../../../../arm-none-eabi/lib/armv7e-m\libm.a(lib_a-e_pow.o)
 .rodata.str1.4
                0x00000000        0x4 c:/program files (x86)/gnu tools arm embedded/4.9 2015q1/bin/../lib/gcc/arm-none-eabi/4.9.3/../../../../arm-none-eabi/lib/armv7e-m\libm.a(lib_a-e_pow.o)
 .rodata.TWO52  0x00003e20       0x10 c:/program files (x86)/gnu tools arm embedded/4.9 2015q1/bin/../lib/gcc/arm-none-eabi/4.9.3/../../../../arm-none-eabi/lib/armv7e-m\libm.a(lib_a-s_rint.o)
 .rodata.str1.4
                0x00003e30        0x4 c:/program files (x86)/gnu tools arm embedded/4.9 2015q1/bin/../lib/gcc/arm-none-eabi/4.9.3/../../../../arm-none-eabi/lib/armv7e-m\libg.a(lib_a-impure.o)
 *(.eh_fram e*)

.glue_7         0x00003e34        0x0
 .glue_7        0x00000000        0x0 linker stubs

.glue_7t        0x00003e34        0x0
 .glue_7t       0x00000000        0x0 linker stubs

.vfp11_veneer   0x00003e34        0x0
 .vfp11_veneer  0x00000000        0x0 linker stubs

.v4_bx          0x00003e34        0x0
 .v4_bx         0x00000000        0x0 linker stubs

.iplt           0x00003e34        0x0
 .iplt          0x00000000        0x0 ..\obj\hibernate.o

.rel.dyn        0x00003e34        0x0
 .rel.iplt      0x00000000        0x0 ..\obj\hibernate.o

.ARM.extab
 *(.ARM.extab* .gnu.linkonce.armextab.*)
                0x00003e34                __exidx_start = .

.ARM.exidx
 *(.ARM.exidx* .gnu.linkonce.armexidx.*)
                0x00003e34                __exidx_end = .
                0x00003e34                __etext = .
                0x00003e34                _sidata = __etext

.data           0x20000000      0x454 load address 0x00003e34
                0x20000000                __data_start__ = .
                0x20000000                _sdata = __data_start__
 *(vtable)
 *(.data*)
 .data          0x20000000       0x20 ..\obj\main.o
                0x20000000                ulNVData
 .data.__fdlib_version
                0x20000020        0x1 c:/program files (x86)/gnu tools arm embedded/4.9 2015q1/bin/../lib/gcc/arm-none-eabi/4.9.3/../../../../arm-none-eabi/lib/armv7e-m\libm.a(lib_a-s_lib_ver.o)
                0x20000020                __fdlib_version
 *fill*         0x20000021        0x7 
 .data.impure_data
                0x20000028      0x428 c:/program files (x86)/gnu tools arm embedded/4.9 2015q1/bin/../lib/gcc/arm-none-eabi/4.9.3/../../../../arm-none-eabi/lib/armv7e-m\libg.a(lib_a-impure.o)
 .data._impure_ptr
                0x20000450        0x4 c:/program files (x86)/gnu tools arm embedded/4.9 2015q1/bin/../lib/gcc/arm-none-eabi/4.9.3/../../../../arm-none-eabi/lib/armv7e-m\libg.a(lib_a-impure.o)
                0x20000450                _impure_ptr
                0x20000454                . = ALIGN (0x4)
                0x20000454                PROVIDE (__preinit_array_start, .)
 *(.preinit_array)
                0x20000454                PROVIDE (__preinit_array_end, .)
                0x20000454                . = ALIGN (0x4)
                0x20000454                PROVIDE (__init_array_start, .)
 *(SORT(.init_array.*))
 *(.init_array)
                0x20000454                PROVIDE (__init_array_end, .)
                0x20000454                . = ALIGN (0x4)
                0x20000454                PROVIDE (__fini_array_start, .)
 *(SORT(.fini_array.*))
 *(.fini_array)
                0x20000454                PROVIDE (__fini_array_end, .)
 *(.jcr*)
                0x20000454                . = ALIGN (0x4)
                0x20000454                __data_end__ = .
                0x20000454                _edata = __data_end__

.igot.plt       0x20000454        0x0 load address 0x00004288
 .igot.plt      0x00000000        0x0 ..\obj\hibernate.o

.bss            0x20000458       0x6c load address 0x00004290
                0x20000458                . = ALIGN (0x4)
                0x20000458                __bss_start__ = .
                0x20000458                _sbss = __bss_start__
 *(.bss*)
 .bss           0x20000458       0x30 ..\obj\main.o
                0x20000468                Tg
 *(COMMON)
 COMMON         0x20000488        0x8 ..\obj\delay.o
                0x20000488                _USDELAY_BASE
                0x2000048c                _MSDELAY_BASE
 COMMON         0x20000490       0x32 ..\obj\main.o
                0x20000490                charEv
                0x2000049a                month
                0x2000049c                charTbs
                0x200004a6                hour
                0x200004a7                min
                0x200004a8                year
                0x200004a9                sec
                0x200004aa                day
                0x200004ab                date
                0x200004ac                charHR
                0x200004b8                charTg
                0x200004c4                . = ALIGN (0x4)
 *fill*         0x200004c2        0x2 
                0x200004c4                __bss_end__ = .
                0x200004c4                _ebss = __bss_end__

.heap           0x200004c4        0x0
                0x200004c4                __end__ = .
                0x200004c4                _end = __end__
                0x200004c4                end = __end__
 *(.heap*)
                0x200004c4                __HeapLimit = .

.co_stack       0x200004c4     0x2004 load address 0x000042fc
                0x200004c8                . = ALIGN (0x8)
 *fill*         0x200004c4        0x4 
 *(.co_stack .co_stack.*)
 .co_stack      0x200004c8     0x2000 ..\obj\startup_Cortex_M4.o
                0x200004c8                pulStack
                0x20008000                __StackTop = (ORIGIN (ram) + 0x8000)
                0x20005ffc                __StackLimit = (__StackTop - SIZEOF (.co_stack))
                0x20008000                PROVIDE (__stack, __StackTop)
                0x00000001                ASSERT ((__StackLimit >= __HeapLimit), region ram  overflowed with stack)
LOAD ..\obj\hibernate.o
LOAD ..\obj\delay.o
LOAD ..\obj\datalogger.o
LOAD ..\obj\i2c.o
LOAD ..\obj\flash.o
LOAD ..\obj\timer.o
LOAD ..\obj\emac.o
LOAD ..\obj\pwm.o
LOAD ..\obj\uart.o
LOAD ..\obj\fpu.o
LOAD ..\obj\sw_crc.o
LOAD ..\obj\epi.o
LOAD ..\obj\main.o
LOAD ..\obj\sysctl.o
LOAD ..\obj\usb.o
LOAD ..\obj\shamd5.o
LOAD ..\obj\can.o
LOAD ..\obj\watchdog.o
LOAD ..\obj\comp.o
LOAD ..\obj\gpio.o
LOAD ..\obj\aes.o
LOAD ..\obj\crc.o
LOAD ..\obj\onewire.o
LOAD ..\obj\interrupt.o
LOAD ..\obj\mpu.o
LOAD ..\obj\syscalls.o
LOAD ..\obj\ssi.o
LOAD ..\obj\adc.o
LOAD ..\obj\lcd.o
LOAD ..\obj\qei.o
LOAD ..\obj\sysexc.o
LOAD ..\obj\startup_Cortex_M4.o
LOAD ..\obj\cpu.o
LOAD ..\obj\systick.o
LOAD ..\obj\udma.o
LOAD ..\obj\des.o
LOAD ..\obj\eeprom.o
LOAD c:/program files (x86)/gnu tools arm embedded/4.9 2015q1/bin/../lib/gcc/arm-none-eabi/4.9.3/../../../../arm-none-eabi/lib/armv7e-m\libm.a
START GROUP
LOAD c:/program files (x86)/gnu tools arm embedded/4.9 2015q1/bin/../lib/gcc/arm-none-eabi/4.9.3/armv7e-m\libgcc.a
LOAD c:/program files (x86)/gnu tools arm embedded/4.9 2015q1/bin/../lib/gcc/arm-none-eabi/4.9.3/../../../../arm-none-eabi/lib/armv7e-m\libg.a
LOAD c:/program files (x86)/gnu tools arm embedded/4.9 2015q1/bin/../lib/gcc/arm-none-eabi/4.9.3/../../../../arm-none-eabi/lib/armv7e-m\libc.a
END GROUP
OUTPUT(Test015 - I2C STL2563.elf elf32-littlearm)

.debug_info     0x00000000     0x2d96
 .debug_info    0x00000000       0xd4 ..\obj\delay.o
 .debug_info    0x000000d4      0x4d4 ..\obj\datalogger.o
 .debug_info    0x000005a8      0xc0a ..\obj\i2c.o
 .debug_info    0x000011b2      0x37c ..\obj\main.o
 .debug_info    0x0000152e      0xac6 ..\obj\sysctl.o
 .debug_info    0x00001ff4      0xc60 ..\obj\gpio.o
 .debug_info    0x00002c54      0x142 ..\obj\startup_Cortex_M4.o

.debug_abbrev   0x00000000      0x791
 .debug_abbrev  0x00000000       0x64 ..\obj\delay.o
 .debug_abbrev  0x00000064      0x18c ..\obj\datalogger.o
 .debug_abbrev  0x000001f0      0x11e ..\obj\i2c.o
 .debug_abbrev  0x0000030e      0x110 ..\obj\main.o
 .debug_abbrev  0x0000041e      0x1a7 ..\obj\sysctl.o
 .debug_abbrev  0x000005c5      0x104 ..\obj\gpio.o
 .debug_abbrev  0x000006c9       0xc8 ..\obj\startup_Cortex_M4.o

.debug_aranges  0x00000000      0x680
 .debug_aranges
                0x00000000       0x28 ..\obj\delay.o
 .debug_aranges
                0x00000028       0xc0 ..\obj\datalogger.o
 .debug_aranges
                0x000000e8      0x1d0 ..\obj\i2c.o
 .debug_aranges
                0x000002b8       0x30 ..\obj\main.o
 .debug_aranges
                0x000002e8      0x1e0 ..\obj\sysctl.o
 .debug_aranges
                0x000004c8      0x190 ..\obj\gpio.o
 .debug_aranges
                0x00000658       0x28 ..\obj\startup_Cortex_M4.o

.debug_ranges   0x00000000      0x610
 .debug_ranges  0x00000000       0x18 ..\obj\delay.o
 .debug_ranges  0x00000018       0xb0 ..\obj\datalogger.o
 .debug_ranges  0x000000c8      0x1c0 ..\obj\i2c.o
 .debug_ranges  0x00000288       0x20 ..\obj\main.o
 .debug_ranges  0x000002a8      0x1d0 ..\obj\sysctl.o
 .debug_ranges  0x00000478      0x180 ..\obj\gpio.o
 .debug_ranges  0x000005f8       0x18 ..\obj\startup_Cortex_M4.o

.debug_line     0x00000000     0x1d3c
 .debug_line    0x00000000       0x85 ..\obj\delay.o
 .debug_line    0x00000085      0x413 ..\obj\datalogger.o
 .debug_line    0x00000498      0x5d3 ..\obj\i2c.o
 .debug_line    0x00000a6b      0x244 ..\obj\main.o
 .debug_line    0x00000caf      0x71f ..\obj\sysctl.o
 .debug_line    0x000013ce      0x7fd ..\obj\gpio.o
 .debug_line    0x00001bcb      0x171 ..\obj\startup_Cortex_M4.o

.debug_str      0x00000000     0x1633
 .debug_str     0x00000000      0x18b ..\obj\delay.o
                                0x1bf (size before relaxing)
 .debug_str     0x0000018b      0x1f0 ..\obj\datalogger.o
                                0x391 (size before relaxing)
 .debug_str     0x0000037b      0x561 ..\obj\i2c.o
                                0x6ba (size before relaxing)
 .debug_str     0x000008dc       0xcd ..\obj\main.o
                                0x287 (size before relaxing)
 .debug_str     0x000009a9      0x6e0 ..\obj\sysctl.o
                                0x83b (size before relaxing)
 .debug_str     0x00001089      0x4f3 ..\obj\gpio.o
                                0x679 (size before relaxing)
 .debug_str     0x0000157c       0xb7 ..\obj\startup_Cortex_M4.o
                                0x1d4 (size before relaxing)

.comment        0x00000000       0x70
 .comment       0x00000000       0x70 ..\obj\delay.o
                                 0x71 (size before relaxing)
 .comment       0x00000000       0x71 ..\obj\datalogger.o
 .comment       0x00000000       0x71 ..\obj\i2c.o
 .comment       0x00000000       0x71 ..\obj\main.o
 .comment       0x00000000       0x71 ..\obj\sysctl.o
 .comment       0x00000000       0x71 ..\obj\gpio.o
 .comment       0x00000000       0x71 ..\obj\startup_Cortex_M4.o

.ARM.attributes
                0x00000000       0x33
 .ARM.attributes
                0x00000000       0x33 ..\obj\delay.o
 .ARM.attributes
                0x00000033       0x33 ..\obj\datalogger.o
 .ARM.attributes
                0x00000066       0x33 ..\obj\i2c.o
 .ARM.attributes
                0x00000099       0x33 ..\obj\main.o
 .ARM.attributes
                0x000000cc       0x33 ..\obj\sysctl.o
 .ARM.attributes
                0x000000ff       0x33 ..\obj\gpio.o
 .ARM.attributes
                0x00000132       0x33 ..\obj\startup_Cortex_M4.o
 .ARM.attributes
                0x00000165       0x2e c:/program files (x86)/gnu tools arm embedded/4.9 2015q1/bin/../lib/gcc/arm-none-eabi/4.9.3/../../../../arm-none-eabi/lib/armv7e-m\libm.a(lib_a-s_floor.o)
 .ARM.attributes
                0x00000193       0x2e c:/program files (x86)/gnu tools arm embedded/4.9 2015q1/bin/../lib/gcc/arm-none-eabi/4.9.3/../../../../arm-none-eabi/lib/armv7e-m\libm.a(lib_a-s_fpclassify.o)
 .ARM.attributes
                0x000001c1       0x2e c:/program files (x86)/gnu tools arm embedded/4.9 2015q1/bin/../lib/gcc/arm-none-eabi/4.9.3/../../../../arm-none-eabi/lib/armv7e-m\libm.a(lib_a-w_log10.o)
 .ARM.attributes
                0x000001ef       0x2e c:/program files (x86)/gnu tools arm embedded/4.9 2015q1/bin/../lib/gcc/arm-none-eabi/4.9.3/../../../../arm-none-eabi/lib/armv7e-m\libm.a(lib_a-w_pow.o)
 .ARM.attributes
                0x0000021d       0x2e c:/program files (x86)/gnu tools arm embedded/4.9 2015q1/bin/../lib/gcc/arm-none-eabi/4.9.3/../../../../arm-none-eabi/lib/armv7e-m\libm.a(lib_a-e_log10.o)
 .ARM.attributes
                0x0000024b       0x2e c:/program files (x86)/gnu tools arm embedded/4.9 2015q1/bin/../lib/gcc/arm-none-eabi/4.9.3/../../../../arm-none-eabi/lib/armv7e-m\libm.a(lib_a-e_pow.o)
 .ARM.attributes
                0x00000279       0x2e c:/program files (x86)/gnu tools arm embedded/4.9 2015q1/bin/../lib/gcc/arm-none-eabi/4.9.3/../../../../arm-none-eabi/lib/armv7e-m\libm.a(lib_a-e_sqrt.o)
 .ARM.attributes
                0x000002a7       0x2e c:/program files (x86)/gnu tools arm embedded/4.9 2015q1/bin/../lib/gcc/arm-none-eabi/4.9.3/../../../../arm-none-eabi/lib/armv7e-m\libm.a(lib_a-s_fabs.o)
 .ARM.attributes
                0x000002d5       0x2e c:/program files (x86)/gnu tools arm embedded/4.9 2015q1/bin/../lib/gcc/arm-none-eabi/4.9.3/../../../../arm-none-eabi/lib/armv7e-m\libm.a(lib_a-s_finite.o)
 .ARM.attributes
                0x00000303       0x2e c:/program files (x86)/gnu tools arm embedded/4.9 2015q1/bin/../lib/gcc/arm-none-eabi/4.9.3/../../../../arm-none-eabi/lib/armv7e-m\libm.a(lib_a-s_lib_ver.o)
 .ARM.attributes
                0x00000331       0x2e c:/program files (x86)/gnu tools arm embedded/4.9 2015q1/bin/../lib/gcc/arm-none-eabi/4.9.3/../../../../arm-none-eabi/lib/armv7e-m\libm.a(lib_a-s_matherr.o)
 .ARM.attributes
                0x0000035f       0x2e c:/program files (x86)/gnu tools arm embedded/4.9 2015q1/bin/../lib/gcc/arm-none-eabi/4.9.3/../../../../arm-none-eabi/lib/armv7e-m\libm.a(lib_a-s_nan.o)
 .ARM.attributes
                0x0000038d       0x2e c:/program files (x86)/gnu tools arm embedded/4.9 2015q1/bin/../lib/gcc/arm-none-eabi/4.9.3/../../../../arm-none-eabi/lib/armv7e-m\libm.a(lib_a-s_rint.o)
 .ARM.attributes
                0x000003bb       0x2e c:/program files (x86)/gnu tools arm embedded/4.9 2015q1/bin/../lib/gcc/arm-none-eabi/4.9.3/../../../../arm-none-eabi/lib/armv7e-m\libm.a(lib_a-s_scalbn.o)
 .ARM.attributes
                0x000003e9       0x2e c:/program files (x86)/gnu tools arm embedded/4.9 2015q1/bin/../lib/gcc/arm-none-eabi/4.9.3/../../../../arm-none-eabi/lib/armv7e-m\libm.a(lib_a-e_log.o)
 .ARM.attributes
                0x00000417       0x2e c:/program files (x86)/gnu tools arm embedded/4.9 2015q1/bin/../lib/gcc/arm-none-eabi/4.9.3/../../../../arm-none-eabi/lib/armv7e-m\libm.a(lib_a-s_copysign.o)
 .ARM.attributes
                0x00000445       0x1e c:/program files (x86)/gnu tools arm embedded/4.9 2015q1/bin/../lib/gcc/arm-none-eabi/4.9.3/armv7e-m\libgcc.a(_arm_addsubdf3.o)
 .ARM.attributes
                0x00000463       0x1e c:/program files (x86)/gnu tools arm embedded/4.9 2015q1/bin/../lib/gcc/arm-none-eabi/4.9.3/armv7e-m\libgcc.a(_arm_muldivdf3.o)
 .ARM.attributes
                0x00000481       0x1e c:/program files (x86)/gnu tools arm embedded/4.9 2015q1/bin/../lib/gcc/arm-none-eabi/4.9.3/armv7e-m\libgcc.a(_arm_cmpdf2.o)
 .ARM.attributes
                0x0000049f       0x1e c:/program files (x86)/gnu tools arm embedded/4.9 2015q1/bin/../lib/gcc/arm-none-eabi/4.9.3/armv7e-m\libgcc.a(_arm_fixdfsi.o)
 .ARM.attributes
                0x000004bd       0x2e c:/program files (x86)/gnu tools arm embedded/4.9 2015q1/bin/../lib/gcc/arm-none-eabi/4.9.3/../../../../arm-none-eabi/lib/armv7e-m\libg.a(lib_a-errno.o)
 .ARM.attributes
                0x000004eb       0x2e c:/program files (x86)/gnu tools arm embedded/4.9 2015q1/bin/../lib/gcc/arm-none-eabi/4.9.3/../../../../arm-none-eabi/lib/armv7e-m\libg.a(lib_a-impure.o)

.debug_frame    0x00000000     0x1f14
 .debug_frame   0x00000000       0x58 ..\obj\delay.o
 .debug_frame   0x00000058      0x2e8 ..\obj\datalogger.o
 .debug_frame   0x00000340      0x898 ..\obj\i2c.o
 .debug_frame   0x00000bd8       0x78 ..\obj\main.o
 .debug_frame   0x00000c50      0x844 ..\obj\sysctl.o
 .debug_frame   0x00001494      0x6f8 ..\obj\gpio.o
 .debug_frame   0x00001b8c       0x4c ..\obj\startup_Cortex_M4.o
 .debug_frame   0x00001bd8       0x34 c:/program files (x86)/gnu tools arm embedded/4.9 2015q1/bin/../lib/gcc/arm-none-eabi/4.9.3/../../../../arm-none-eabi/lib/armv7e-m\libm.a(lib_a-s_floor.o)
 .debug_frame   0x00001c0c       0x34 c:/program files (x86)/gnu tools arm embedded/4.9 2015q1/bin/../lib/gcc/arm-none-eabi/4.9.3/../../../../arm-none-eabi/lib/armv7e-m\libm.a(lib_a-s_fpclassify.o)
 .debug_frame   0x00001c40       0x40 c:/program files (x86)/gnu tools arm embedded/4.9 2015q1/bin/../lib/gcc/arm-none-eabi/4.9.3/../../../../arm-none-eabi/lib/armv7e-m\libm.a(lib_a-w_log10.o)
 .debug_frame   0x00001c80       0x44 c:/program files (x86)/gnu tools arm embedded/4.9 2015q1/bin/../lib/gcc/arm-none-eabi/4.9.3/../../../../arm-none-eabi/lib/armv7e-m\libm.a(lib_a-w_pow.o)
 .debug_frame   0x00001cc4       0x34 c:/program files (x86)/gnu tools arm embedded/4.9 2015q1/bin/../lib/gcc/arm-none-eabi/4.9.3/../../../../arm-none-eabi/lib/armv7e-m\libm.a(lib_a-e_log10.o)
 .debug_frame   0x00001cf8       0x64 c:/program files (x86)/gnu tools arm embedded/4.9 2015q1/bin/../lib/gcc/arm-none-eabi/4.9.3/../../../../arm-none-eabi/lib/armv7e-m\libm.a(lib_a-e_pow.o)
 .debug_frame   0x00001d5c       0x34 c:/program files (x86)/gnu tools arm embedded/4.9 2015q1/bin/../lib/gcc/arm-none-eabi/4.9.3/../../../../arm-none-eabi/lib/armv7e-m\libm.a(lib_a-e_sqrt.o)
 .debug_frame   0x00001d90       0x20 c:/program files (x86)/gnu tools arm embedded/4.9 2015q1/bin/../lib/gcc/arm-none-eabi/4.9.3/../../../../arm-none-eabi/lib/armv7e-m\libm.a(lib_a-s_fabs.o)
 .debug_frame   0x00001db0       0x20 c:/program files (x86)/gnu tools arm embedded/4.9 2015q1/bin/../lib/gcc/arm-none-eabi/4.9.3/../../../../arm-none-eabi/lib/armv7e-m\libm.a(lib_a-s_finite.o)
 .debug_frame   0x00001dd0       0x20 c:/program files (x86)/gnu tools arm embedded/4.9 2015q1/bin/../lib/gcc/arm-none-eabi/4.9.3/../../../../arm-none-eabi/lib/armv7e-m\libm.a(lib_a-s_matherr.o)
 .debug_frame   0x00001df0       0x20 c:/program files (x86)/gnu tools arm embedded/4.9 2015q1/bin/../lib/gcc/arm-none-eabi/4.9.3/../../../../arm-none-eabi/lib/armv7e-m\libm.a(lib_a-s_nan.o)
 .debug_frame   0x00001e10       0x40 c:/program files (x86)/gnu tools arm embedded/4.9 2015q1/bin/../lib/gcc/arm-none-eabi/4.9.3/../../../../arm-none-eabi/lib/armv7e-m\libm.a(lib_a-s_rint.o)
 .debug_frame   0x00001e50       0x30 c:/program files (x86)/gnu tools arm embedded/4.9 2015q1/bin/../lib/gcc/arm-none-eabi/4.9.3/../../../../arm-none-eabi/lib/armv7e-m\libm.a(lib_a-s_scalbn.o)
 .debug_frame   0x00001e80       0x54 c:/program files (x86)/gnu tools arm embedded/4.9 2015q1/bin/../lib/gcc/arm-none-eabi/4.9.3/../../../../arm-none-eabi/lib/armv7e-m\libm.a(lib_a-e_log.o)
 .debug_frame   0x00001ed4       0x20 c:/program files (x86)/gnu tools arm embedded/4.9 2015q1/bin/../lib/gcc/arm-none-eabi/4.9.3/../../../../arm-none-eabi/lib/armv7e-m\libm.a(lib_a-s_copysign.o)
 .debug_frame   0x00001ef4       0x20 c:/program files (x86)/gnu tools arm embedded/4.9 2015q1/bin/../lib/gcc/arm-none-eabi/4.9.3/../../../../arm-none-eabi/lib/armv7e-m\libg.a(lib_a-errno.o)
